error: expression is nested too deeply
 --> tests/golden/nested-too-deeply.iz:1:107
  |
1 | print((((((((((((((((((((((((((((((((((((((((((((((((((((((((((((((((((((((((((((((((((((((((((((((((((((((1))))))))))))))))))))))))))))))))))))))))))))))))))))))))))))))))))))))))))))))))))))))))))))))))))))));
  |                                                                                                           ^
