error: expected expression, found ';'
 --> tests/golden/parse-recovery.iz:1:9
  |
1 | let a = ;
  |         ^
error: expected expression, found ')'
 --> tests/golden/parse-recovery.iz:2:10
  |
2 | print(1 +);
  |          ^
error: expected ';'
 --> tests/golden/parse-recovery.iz:3:10
  |
3 | let b = 2
  |          ^
error: expected expression, found '}'
 --> tests/golden/parse-recovery.iz:5:19
  |
5 | if a { print(1); }}
  |                   ^
